// Jest Snapshot v1, https://goo.gl/fbAQLP

exports[`ScrollToTopButton Should match snapshot 1`] = `
<DocumentFragment>
  <div>
    <button
      style="position: absolute; z-index: 1; visibility: hidden;"
      type="button"
    >
      To Top
    </button>
  </div>
</DocumentFragment>
`;
